Warning: You are sending unauthenticated requests to the HF Hub. Please set a HF_TOKEN to enable higher rate limits and faster downloads.
[transformers] return_assistant_tokens_mask==True but chat template does not contain `{% generation %}` keyword.
                                soup data doctor                                
┏━━━━━━━━━━━━━━━━━━━━┳━━━━━━━━━┳━━━━━━━━━━━━━━━━━━━━━━━┳━━━━━━━━━━━━━━━━━━━━━━━┓
┃ Check              ┃ Verdict ┃ Message               ┃ Evidence              ┃
┡━━━━━━━━━━━━━━━━━━━━╇━━━━━━━━━╇━━━━━━━━━━━━━━━━━━━━━━━╇━━━━━━━━━━━━━━━━━━━━━━━┩
│ chat_template      │ OK      │ tokenizer has a       │ 4168 chars            │
│                    │         │ chat_template         │                       │
│ template_render    │ OK      │ 0/1110 rows failed to │                       │
│                    │         │ render through the    │                       │
│                    │         │ chat template         │                       │
│ generation_markers │ MINOR   │ template lacks {%     │                       │
│                    │         │ generation %} markers │                       │
│                    │         │ — assistant-only      │                       │
│                    │         │ masking falls back to │                       │
│                    │         │ a heuristic that may  │                       │
│                    │         │ include role-prefix   │                       │
│                    │         │ tokens in the loss    │                       │
│ eos_in_labels      │ OK      │ 0/1110 rows (0.0%)    │ eos_token_id=[151645] │
│                    │         │ never train an        │                       │
│                    │         │ EOS/EOT token — the   │                       │
│                    │         │ model will not learn  │                       │
│                    │         │ to stop generating    │                       │
│ bos_duplication    │ OK      │ tokenizer has no      │                       │
│                    │         │ bos_token_id          │                       │
│ system_role        │ OK      │ no rows use a system  │                       │
│                    │         │ message               │                       │
│ unknown_roles      │ OK      │ 0/1110 rows (0.0%)    │                       │
│                    │         │ contain a message     │                       │
│                    │         │ role outside          │                       │
│                    │         │ ['assistant',         │                       │
│                    │         │ 'function', 'system', │                       │
│                    │         │ 'tool', 'user']       │                       │
│ truncation_risk    │ OK      │ p95 length = 388      │ p50=179, max=757      │
│                    │         │ tokens vs             │                       │
│                    │         │ max_length=1024;      │                       │
│                    │         │ 0/1110 rows (0.0%)    │                       │
│                    │         │ would be truncated    │                       │
└────────────────────┴─────────┴───────────────────────┴───────────────────────┘
╭─────────── overall ────────────╮
│ MINOR — 1110/1110 rows scanned │
╰────────────────────────────────╯
Wrote /kaggle/working/dpo_20260930T003836Z/doctor.json
