Warning: You are sending unauthenticated requests to the HF Hub. Please set a HF_TOKEN to enable higher rate limits and faster downloads.
                              soup data lint (dpo)                              
┏━━━━━━━━━━━━━━━━━┳━━━━━━━━━┳━━━━━━━━━━━━━━━━━━━━━━━━┳━━━━━━━━━━━━━━━━━━━━━━━━━┓
┃ Check           ┃ Verdict ┃ Message                ┃ Evidence                ┃
┡━━━━━━━━━━━━━━━━━╇━━━━━━━━━╇━━━━━━━━━━━━━━━━━━━━━━━━╇━━━━━━━━━━━━━━━━━━━━━━━━━┩
│ length_bias     │ OK      │ effect size (Cohen's   │ mean chosen=109.4, mean │
│                 │         │ d) = 0.026 (chosen     │ rejected=107.8          │
│                 │         │ longer than rejected); │                         │
│                 │         │ chosen is longer in    │                         │
│                 │         │ 47.7% of rows          │                         │
│ identical_pairs │ OK      │ 0/555 rows (0.0%) have │                         │
│                 │         │ chosen == rejected     │                         │
│                 │         │ (zero preference       │                         │
│                 │         │ signal)                │                         │
│ near_duplicates │ OK      │ 0/555 rows (0.0%) have │ threshold=0.85          │
│                 │         │ a near-duplicate       │                         │
│                 │         │ elsewhere in the       │                         │
│                 │         │ dataset                │                         │
│ prompt_leak     │ OK      │ 0/555 rows (0.0%) have │ min_prompt_len=40       │
│                 │         │ the prompt echoed      │                         │
│                 │         │ verbatim inside the    │                         │
│                 │         │ completion             │                         │
└─────────────────┴─────────┴────────────────────────┴─────────────────────────┘
╭───────── overall ─────────╮
│ OK — 555/555 rows scanned │
╰───────────────────────────╯
Wrote /kaggle/working/dpo_20260930T003836Z/lint.json
