Warning: You are sending unauthenticated requests to the HF Hub. Please set a HF_TOKEN to enable higher rate limits and faster downloads.
[transformers] `torch_dtype` is deprecated! Use `dtype` instead!

Loading weights:   0%|          | 0/399 [00:00<?, ?it/s]
Loading weights:   0%|          | 1/399 [00:05<34:50,  5.25s/it]
Loading weights:   1%|          | 2/399 [00:10<34:36,  5.23s/it]
Loading weights:   1%|          | 4/399 [00:10<13:51,  2.11s/it]
Loading weights:   1%|▏         | 5/399 [00:11<10:15,  1.56s/it]
Loading weights:   2%|▏         | 6/399 [00:11<07:54,  1.21s/it]
Loading weights:   3%|▎         | 10/399 [00:11<02:59,  2.16it/s]
Loading weights:   3%|▎         | 12/399 [00:11<02:11,  2.95it/s]
Loading weights:   4%|▍         | 15/399 [00:12<01:41,  3.79it/s]
Loading weights:   4%|▍         | 17/399 [00:13<01:55,  3.31it/s]
Loading weights:   5%|▌         | 21/399 [00:13<01:09,  5.40it/s]
Loading weights:   6%|▌         | 23/399 [00:13<00:58,  6.38it/s]
Loading weights:   7%|▋         | 26/399 [00:13<00:57,  6.45it/s]
Loading weights:   7%|▋         | 28/399 [00:14<01:20,  4.63it/s]
Loading weights:   8%|▊         | 32/399 [00:14<00:52,  7.05it/s]
Loading weights:   9%|▊         | 34/399 [00:15<00:45,  8.00it/s]
Loading weights:   9%|▉         | 37/399 [00:15<00:48,  7.48it/s]
Loading weights:  10%|▉         | 39/399 [00:16<01:11,  5.06it/s]
Loading weights:  11%|█         | 43/399 [00:16<00:47,  7.53it/s]
Loading weights:  11%|█▏        | 45/399 [00:16<00:41,  8.48it/s]
Loading weights:  12%|█▏        | 48/399 [00:17<00:45,  7.75it/s]
Loading weights:  13%|█▎        | 50/399 [00:17<01:07,  5.16it/s]
Loading weights:  14%|█▎        | 54/399 [00:18<00:45,  7.64it/s]
Loading weights:  14%|█▍        | 56/399 [00:18<00:39,  8.59it/s]
Loading weights:  15%|█▍        | 59/399 [00:18<00:43,  7.82it/s]
Loading weights:  15%|█▌        | 61/399 [00:19<01:05,  5.15it/s]
Loading weights:  16%|█▋        | 65/399 [00:19<00:43,  7.63it/s]
Loading weights:  17%|█▋        | 67/399 [00:19<00:39,  8.51it/s]
Loading weights:  18%|█▊        | 70/399 [00:20<00:42,  7.74it/s]
Loading weights:  18%|█▊        | 72/399 [00:21<01:04,  5.08it/s]
Loading weights:  19%|█▉        | 76/399 [00:21<00:42,  7.53it/s]
Loading weights:  20%|█▉        | 78/399 [00:21<00:38,  8.45it/s]
Loading weights:  20%|██        | 81/399 [00:21<00:41,  7.72it/s]
Loading weights:  21%|██        | 83/399 [00:22<01:01,  5.17it/s]
Loading weights:  22%|██▏       | 87/399 [00:22<00:40,  7.67it/s]
Loading weights:  22%|██▏       | 89/399 [00:22<00:36,  8.58it/s]
Loading weights:  23%|██▎       | 92/399 [00:23<00:39,  7.81it/s]
Loading weights:  24%|██▎       | 94/399 [00:24<00:58,  5.20it/s]
Loading weights:  25%|██▍       | 98/399 [00:24<00:38,  7.73it/s]
Loading weights:  25%|██▌       | 100/399 [00:24<00:34,  8.67it/s]
Loading weights:  26%|██▌       | 103/399 [00:24<00:37,  7.86it/s]
Loading weights:  26%|██▋       | 105/399 [00:25<00:56,  5.23it/s]
Loading weights:  27%|██▋       | 109/399 [00:25<00:37,  7.75it/s]
Loading weights:  28%|██▊       | 111/399 [00:25<00:33,  8.65it/s]
Loading weights:  29%|██▊       | 114/399 [00:26<00:36,  7.88it/s]
Loading weights:  29%|██▉       | 116/399 [00:27<00:54,  5.23it/s]
Loading weights:  30%|███       | 120/399 [00:27<00:35,  7.76it/s]
Loading weights:  31%|███       | 122/399 [00:27<00:31,  8.70it/s]
Loading weights:  31%|███▏      | 125/399 [00:27<00:34,  7.89it/s]
Loading weights:  32%|███▏      | 127/399 [00:28<00:44,  6.13it/s]
Loading weights:  33%|███▎      | 131/399 [00:28<00:30,  8.93it/s]
Loading weights:  33%|███▎      | 133/399 [00:28<00:27,  9.82it/s]
Loading weights:  34%|███▍      | 136/399 [00:29<00:30,  8.50it/s]
Loading weights:  35%|███▍      | 138/399 [00:29<00:42,  6.17it/s]
Loading weights:  37%|███▋      | 147/399 [00:30<00:19, 12.99it/s]
Loading weights:  38%|███▊      | 150/399 [00:30<00:20, 11.92it/s]
Loading weights:  38%|███▊      | 153/399 [00:30<00:18, 13.27it/s]
Loading weights:  39%|███▉      | 155/399 [00:30<00:17, 13.57it/s]
Loading weights:  40%|███▉      | 158/399 [00:31<00:23, 10.40it/s]
Loading weights:  40%|████      | 160/399 [00:31<00:38,  6.20it/s]
Loading weights:  41%|████      | 164/399 [00:32<00:26,  8.78it/s]
Loading weights:  42%|████▏     | 166/399 [00:32<00:24,  9.63it/s]
Loading weights:  42%|████▏     | 169/399 [00:32<00:27,  8.42it/s]
Loading weights:  43%|████▎     | 171/399 [00:33<00:41,  5.45it/s]
Loading weights:  44%|████▍     | 175/399 [00:33<00:28,  8.00it/s]
Loading weights:  44%|████▍     | 177/399 [00:33<00:24,  8.91it/s]
Loading weights:  45%|████▌     | 180/399 [00:34<00:27,  8.03it/s]
Loading weights:  46%|████▌     | 182/399 [00:34<00:41,  5.29it/s]
Loading weights:  47%|████▋     | 186/399 [00:35<00:27,  7.81it/s]
Loading weights:  47%|████▋     | 188/399 [00:35<00:24,  8.75it/s]
Loading weights:  48%|████▊     | 191/399 [00:35<00:26,  7.75it/s]
Loading weights:  48%|████▊     | 193/399 [00:36<00:39,  5.24it/s]
Loading weights:  49%|████▉     | 197/399 [00:36<00:26,  7.75it/s]
Loading weights:  50%|████▉     | 199/399 [00:36<00:22,  8.72it/s]
Loading weights:  51%|█████     | 202/399 [00:37<00:24,  7.92it/s]
Loading weights:  51%|█████     | 204/399 [00:37<00:37,  5.24it/s]
Loading weights:  52%|█████▏    | 208/399 [00:38<00:24,  7.77it/s]
Loading weights:  53%|█████▎    | 210/399 [00:38<00:21,  8.71it/s]
Loading weights:  53%|█████▎    | 213/399 [00:38<00:23,  7.89it/s]
Loading weights:  54%|█████▍    | 215/399 [00:39<00:35,  5.23it/s]
Loading weights:  55%|█████▍    | 219/399 [00:39<00:23,  7.76it/s]
Loading weights:  55%|█████▌    | 221/399 [00:39<00:20,  8.69it/s]
Loading weights:  56%|█████▌    | 224/399 [00:40<00:22,  7.89it/s]
Loading weights:  57%|█████▋    | 226/399 [00:41<00:33,  5.24it/s]
Loading weights:  58%|█████▊    | 230/399 [00:41<00:21,  7.76it/s]
Loading weights:  58%|█████▊    | 232/399 [00:41<00:19,  8.66it/s]
Loading weights:  59%|█████▉    | 235/399 [00:41<00:20,  7.88it/s]
Loading weights:  59%|█████▉    | 237/399 [00:42<00:31,  5.21it/s]
Loading weights:  60%|██████    | 241/399 [00:42<00:20,  7.73it/s]
Loading weights:  61%|██████    | 243/399 [00:42<00:17,  8.68it/s]
Loading weights:  62%|██████▏   | 246/399 [00:43<00:19,  7.86it/s]
Loading weights:  62%|██████▏   | 248/399 [00:44<00:28,  5.38it/s]
Loading weights:  64%|██████▎   | 254/399 [00:44<00:15,  9.47it/s]
Loading weights:  64%|██████▍   | 257/399 [00:44<00:12, 11.00it/s]
Loading weights:  65%|██████▍   | 259/399 [00:44<00:14,  9.99it/s]
Loading weights:  66%|██████▋   | 265/399 [00:44<00:08, 16.15it/s]
Loading weights:  67%|██████▋   | 268/399 [00:44<00:07, 16.46it/s]
Loading weights:  68%|██████▊   | 271/399 [00:45<00:14,  9.03it/s]
Loading weights:  69%|██████▊   | 274/399 [00:45<00:11, 10.66it/s]
Loading weights:  69%|██████▉   | 276/399 [00:45<00:10, 11.30it/s]
Loading weights:  70%|██████▉   | 279/399 [00:46<00:12,  9.33it/s]
Loading weights:  70%|███████   | 281/399 [00:47<00:17,  6.76it/s]
Loading weights:  73%|███████▎  | 290/399 [00:47<00:07, 13.65it/s]
Loading weights:  73%|███████▎  | 293/399 [00:47<00:07, 13.96it/s]
Loading weights:  75%|███████▌  | 301/399 [00:47<00:06, 15.78it/s]
Loading weights:  76%|███████▌  | 303/399 [00:48<00:06, 14.70it/s]
Loading weights:  77%|███████▋  | 307/399 [00:48<00:05, 16.90it/s]
Loading weights:  77%|███████▋  | 309/399 [00:48<00:05, 17.22it/s]
Loading weights:  78%|███████▊  | 312/399 [00:48<00:06, 12.46it/s]
Loading weights:  79%|███████▊  | 314/399 [00:49<00:12,  6.94it/s]
Loading weights:  80%|███████▉  | 318/399 [00:49<00:08,  9.53it/s]
Loading weights:  80%|████████  | 320/399 [00:49<00:07, 10.36it/s]
Loading weights:  81%|████████  | 323/399 [00:50<00:08,  8.83it/s]
Loading weights:  81%|████████▏ | 325/399 [00:51<00:13,  5.63it/s]
Loading weights:  82%|████████▏ | 329/399 [00:51<00:08,  8.19it/s]
Loading weights:  83%|████████▎ | 331/399 [00:51<00:07,  9.12it/s]
Loading weights:  84%|████████▎ | 334/399 [00:51<00:08,  8.12it/s]
Loading weights:  84%|████████▍ | 336/399 [00:52<00:11,  5.34it/s]
Loading weights:  85%|████████▌ | 340/399 [00:52<00:07,  7.88it/s]
Loading weights:  86%|████████▌ | 342/399 [00:52<00:06,  8.83it/s]
Loading weights:  86%|████████▋ | 345/399 [00:53<00:06,  7.97it/s]
Loading weights:  87%|████████▋ | 347/399 [00:54<00:09,  5.27it/s]
Loading weights:  88%|████████▊ | 351/399 [00:54<00:06,  7.81it/s]
Loading weights:  88%|████████▊ | 353/399 [00:54<00:05,  8.75it/s]
Loading weights:  89%|████████▉ | 356/399 [00:54<00:05,  7.93it/s]
Loading weights:  90%|████████▉ | 358/399 [00:55<00:07,  5.25it/s]
Loading weights:  91%|█████████ | 362/399 [00:55<00:04,  7.76it/s]
Loading weights:  91%|█████████ | 364/399 [00:55<00:04,  8.72it/s]
Loading weights:  92%|█████████▏| 367/399 [00:56<00:04,  7.87it/s]
Loading weights:  92%|█████████▏| 369/399 [00:57<00:05,  5.24it/s]
Loading weights:  93%|█████████▎| 373/399 [00:57<00:03,  7.77it/s]
Loading weights:  94%|█████████▍| 375/399 [00:57<00:02,  8.70it/s]
Loading weights:  95%|█████████▍| 378/399 [00:57<00:02,  7.89it/s]
Loading weights:  95%|█████████▌| 380/399 [00:58<00:03,  5.26it/s]
Loading weights:  96%|█████████▌| 384/399 [00:58<00:01,  7.79it/s]
Loading weights:  97%|█████████▋| 386/399 [00:58<00:01,  8.72it/s]
Loading weights:  97%|█████████▋| 389/399 [00:59<00:01,  7.94it/s]
Loading weights:  98%|█████████▊| 391/399 [01:00<00:01,  5.24it/s]
Loading weights:  99%|█████████▉| 395/399 [01:00<00:00,  7.77it/s]
Loading weights:  99%|█████████▉| 397/399 [01:00<00:00,  8.72it/s]
Loading weights: 100%|██████████| 399/399 [01:00<00:00,  6.60it/s]
{
  "heldout_pairs": 12,
  "lora_B_tensors": 72,
  "nonzero_lora_B_tensors": 72,
  "changed_lora_B_tensors": 72,
  "finite_logged_grad_norms": 187,
  "logged_grad_norms": 189,
  "median_absolute_margin_change": 5.997528076171875,
  "mean_preference_margin_shift": 7.056345621744792,
  "pairs_with_positive_margin_shift": 12,
  "pair_margin_shifts": [
    6.5001220703125,
    10.294815063476562,
    5.2465667724609375,
    10.1864013671875,
    5.49493408203125,
    7.0810394287109375,
    13.390350341796875,
    4.523162841796875,
    0.857940673828125,
    11.7769775390625,
    4.1275482177734375,
    5.1962890625
  ],
  "active_adapter": true,
  "gradients_healthy": false,
  "run_verified": true
}
WARNING: one or more logged gradient norms were non-finite or non-positive
